To honour the JVM settings for this build a single-use Daemon process will be forked. For more on this, please refer to https://docs.gradle.org/9.1.0/userguide/gradle_daemon.html#sec:disabling_the_daemon in the Gradle documentation.
Daemon will be stopped at the end of the build 
> Task :app:buildKotlinToolingMetadata UP-TO-DATE
> Task :app:checkKotlinGradlePluginConfigurationErrors
> Task :app:preBuild UP-TO-DATE
> Task :app:preReleaseBuild UP-TO-DATE
> Task :app:generateReleaseBuildConfig UP-TO-DATE
> Task :app:checkReleaseAarMetadata UP-TO-DATE
> Task :app:generateReleaseResValues UP-TO-DATE
> Task :app:mapReleaseSourceSetPaths UP-TO-DATE
> Task :app:generateReleaseResources UP-TO-DATE
> Task :app:mergeReleaseResources UP-TO-DATE
> Task :app:packageReleaseResources UP-TO-DATE
> Task :app:parseReleaseLocalResources UP-TO-DATE
> Task :app:createReleaseCompatibleScreenManifests UP-TO-DATE
> Task :app:extractDeepLinksRelease UP-TO-DATE
> Task :app:processReleaseMainManifest UP-TO-DATE
> Task :app:processReleaseManifest UP-TO-DATE
> Task :app:processReleaseManifestForPackage UP-TO-DATE
> Task :app:processReleaseResources UP-TO-DATE
> Task :app:javaPreCompileRelease UP-TO-DATE
> Task :app:extractProguardFiles UP-TO-DATE
> Task :app:mergeReleaseJniLibFolders UP-TO-DATE
> Task :app:mergeReleaseNativeLibs UP-TO-DATE
> Task :app:stripReleaseDebugSymbols UP-TO-DATE
> Task :app:extractReleaseNativeSymbolTables UP-TO-DATE
> Task :app:mergeReleaseNativeDebugMetadata NO-SOURCE
> Task :app:checkReleaseDuplicateClasses UP-TO-DATE
> Task :app:desugarReleaseFileDependencies UP-TO-DATE
> Task :app:mergeReleaseStartupProfile UP-TO-DATE
> Task :app:mergeExtDexRelease UP-TO-DATE
> Task :app:mergeReleaseArtProfile UP-TO-DATE
> Task :app:mergeReleaseShaders UP-TO-DATE
> Task :app:compileReleaseShaders NO-SOURCE
> Task :app:generateReleaseAssets UP-TO-DATE
> Task :app:mergeReleaseAssets UP-TO-DATE
> Task :app:compressReleaseAssets UP-TO-DATE
> Task :app:extractReleaseVersionControlInfo UP-TO-DATE
> Task :app:optimizeReleaseResources UP-TO-DATE
> Task :app:collectReleaseDependencies UP-TO-DATE
> Task :app:sdkReleaseDependencyData UP-TO-DATE
> Task :app:validateSigningRelease UP-TO-DATE
> Task :app:writeReleaseAppMetadata UP-TO-DATE
> Task :app:writeReleaseSigningConfigVersions UP-TO-DATE
> Task :app:kspReleaseKotlin

> Task :app:compileReleaseKotlin FAILED
e: file:///C:/Users/lomic/Dev/orbital-belt/app/src/main/java/com/orbital/run/data/local/database/TypeConverters.kt:83:29 Public-API inline function cannot access non-public-API 'private final val json: Json defined in com.orbital.run.data.local.database.Converters'
e: file:///C:/Users/lomic/Dev/orbital-belt/app/src/main/java/com/orbital/run/data/local/database/TypeConverters.kt:92:17 Public-API inline function cannot access non-public-API 'private final val json: Json defined in com.orbital.run.data.local.database.Converters'
e: file:///C:/Users/lomic/Dev/orbital-belt/app/src/main/java/com/orbital/run/data/migration/LegacyJsonMigrator.kt:159:37 Suspension functions can be called only within coroutine body
e: file:///C:/Users/lomic/Dev/orbital-belt/app/src/main/java/com/orbital/run/data/migration/LegacyJsonMigrator.kt:308:42 Unresolved reference: Algorithm
e: file:///C:/Users/lomic/Dev/orbital-belt/app/src/main/java/com/orbital/run/domain/calculations/Calculations.kt:4:38 Unresolved reference: Duration
e: file:///C:/Users/lomic/Dev/orbital-belt/app/src/main/java/com/orbital/run/domain/calculations/Calculations.kt:20:49 Unresolved reference: Duration
e: file:///C:/Users/lomic/Dev/orbital-belt/app/src/main/java/com/orbital/run/domain/calculations/Calculations.kt:34:50 Unresolved reference: Duration
e: file:///C:/Users/lomic/Dev/orbital-belt/app/src/main/java/com/orbital/run/domain/calculations/Calculations.kt:38:32 Overload resolution ambiguity: 
public final operator fun div(other: Byte): Double defined in kotlin.Double
public final operator fun div(other: Double): Double defined in kotlin.Double
public final operator fun div(other: Float): Double defined in kotlin.Double
public final operator fun div(other: Int): Double defined in kotlin.Double
public final operator fun div(other: Long): Double defined in kotlin.Double
public final operator fun div(other: Short): Double defined in kotlin.Double
e: file:///C:/Users/lomic/Dev/orbital-belt/app/src/main/java/com/orbital/run/domain/calculations/Calculations.kt:59:30 Unresolved reference: Duration
e: file:///C:/Users/lomic/Dev/orbital-belt/app/src/main/java/com/orbital/run/presentation/components/DrawRunTopBar.kt:92:73 Unresolved reference: AutoMirrored
e: file:///C:/Users/lomic/Dev/orbital-belt/app/src/main/java/com/orbital/run/presentation/components/StatCard.kt:192:17 None of the following functions can be called with the arguments supplied: 
public fun LinearProgressIndicator(modifier: Modifier = ..., color: Color = ..., trackColor: Color = ..., strokeCap: StrokeCap = ...): Unit defined in androidx.compose.material3
public fun LinearProgressIndicator(progress: Float, modifier: Modifier = ..., color: Color = ..., trackColor: Color = ..., strokeCap: StrokeCap = ...): Unit defined in androidx.compose.material3
e: file:///C:/Users/lomic/Dev/orbital-belt/app/src/main/java/com/orbital/run/presentation/components/charts/DrawRunLineChart.kt:165:29 Unresolved reference: Fill
e: file:///C:/Users/lomic/Dev/orbital-belt/app/src/main/java/com/orbital/run/presentation/screens/analytics/AnalyticsScreen.kt:352:13 This material API is experimental and is likely to change or to be removed in the future.
e: file:///C:/Users/lomic/Dev/orbital-belt/app/src/main/java/com/orbital/run/presentation/screens/analytics/AnalyticsScreen.kt:362:26 This material API is experimental and is likely to change or to be removed in the future.
e: file:///C:/Users/lomic/Dev/orbital-belt/app/src/main/java/com/orbital/run/presentation/screens/analytics/AnalyticsScreen.kt:362:45 This material API is experimental and is likely to change or to be removed in the future.
e: file:///C:/Users/lomic/Dev/orbital-belt/app/src/main/java/com/orbital/run/presentation/screens/analytics/AnalyticsViewModel.kt:60:54 Cannot find a parameter with this name: limit
e: file:///C:/Users/lomic/Dev/orbital-belt/app/src/main/java/com/orbital/run/presentation/screens/history/HistoryScreen.kt:103:13 This material API is experimental and is likely to change or to be removed in the future.
e: file:///C:/Users/lomic/Dev/orbital-belt/app/src/main/java/com/orbital/run/presentation/screens/history/HistoryScreen.kt:121:26 This material API is experimental and is likely to change or to be removed in the future.
e: file:///C:/Users/lomic/Dev/orbital-belt/app/src/main/java/com/orbital/run/presentation/screens/history/HistoryScreen.kt:121:45 This material API is experimental and is likely to change or to be removed in the future.
e: file:///C:/Users/lomic/Dev/orbital-belt/app/src/main/java/com/orbital/run/presentation/screens/history/HistoryScreen.kt:193:27 Unresolved reference: sp
e: file:///C:/Users/lomic/Dev/orbital-belt/app/src/main/java/com/orbital/run/presentation/screens/history/HistoryViewModel.kt:21:46 Cannot find a parameter with this name: limit


[Incubating] Problems report is available at: file:///C:/Users/lomic/Dev/orbital-belt/build/reports/problems/problems-report.html

Deprecated Gradle features were used in this build, making it incompatible with Gradle 10.

You can use '--warning-mode all' to show the individual deprecation warnings and determine if they come from your own scripts or plugins.

For more on this, please refer to https://docs.gradle.org/9.1.0/userguide/command_line_interface.html#sec:command_line_warnings in the Gradle documentation.
FAILURE: Build failed with an exception.

* What went wrong:
Execution failed for task ':app:compileReleaseKotlin'.
> A failure occurred while executing org.jetbrains.kotlin.compilerRunner.GradleCompilerRunnerWithWorkers$GradleKotlinCompilerWorkAction
   > Compilation error. See log for more details

* Try:
> Run with --stacktrace option to get the stack trace.
> Run with --info or --debug option to get more log output.
> Run with --scan to generate a Build Scan (Powered by Develocity).
> Get more help at https://help.gradle.org.

BUILD FAILED in 43s
39 actionable tasks: 3 executed, 36 up-to-date
