To honour the JVM settings for this build a single-use Daemon process will be forked. For more on this, please refer to https://docs.gradle.org/9.1.0/userguide/gradle_daemon.html#sec:disabling_the_daemon in the Gradle documentation.
Daemon will be stopped at the end of the build 
> Task :app:buildKotlinToolingMetadata UP-TO-DATE
> Task :app:checkKotlinGradlePluginConfigurationErrors
> Task :app:preBuild UP-TO-DATE
> Task :app:preReleaseBuild UP-TO-DATE
> Task :app:generateReleaseBuildConfig UP-TO-DATE
> Task :app:checkReleaseAarMetadata UP-TO-DATE
> Task :app:generateReleaseResValues UP-TO-DATE
> Task :app:mapReleaseSourceSetPaths UP-TO-DATE
> Task :app:generateReleaseResources UP-TO-DATE
> Task :app:mergeReleaseResources UP-TO-DATE
> Task :app:packageReleaseResources UP-TO-DATE
> Task :app:parseReleaseLocalResources UP-TO-DATE
> Task :app:createReleaseCompatibleScreenManifests UP-TO-DATE
> Task :app:extractDeepLinksRelease UP-TO-DATE
> Task :app:processReleaseMainManifest UP-TO-DATE
> Task :app:processReleaseManifest UP-TO-DATE
> Task :app:processReleaseManifestForPackage UP-TO-DATE
> Task :app:processReleaseResources UP-TO-DATE
> Task :app:javaPreCompileRelease UP-TO-DATE
> Task :app:extractProguardFiles UP-TO-DATE
> Task :app:mergeReleaseJniLibFolders UP-TO-DATE
> Task :app:mergeReleaseNativeLibs UP-TO-DATE
> Task :app:stripReleaseDebugSymbols UP-TO-DATE
> Task :app:extractReleaseNativeSymbolTables UP-TO-DATE
> Task :app:mergeReleaseNativeDebugMetadata NO-SOURCE
> Task :app:checkReleaseDuplicateClasses UP-TO-DATE
> Task :app:desugarReleaseFileDependencies UP-TO-DATE
> Task :app:mergeReleaseStartupProfile UP-TO-DATE
> Task :app:mergeExtDexRelease UP-TO-DATE
> Task :app:mergeReleaseArtProfile UP-TO-DATE
> Task :app:mergeReleaseShaders UP-TO-DATE
> Task :app:compileReleaseShaders NO-SOURCE
> Task :app:generateReleaseAssets UP-TO-DATE
> Task :app:mergeReleaseAssets UP-TO-DATE
> Task :app:compressReleaseAssets UP-TO-DATE
> Task :app:extractReleaseVersionControlInfo UP-TO-DATE
> Task :app:optimizeReleaseResources UP-TO-DATE
> Task :app:collectReleaseDependencies UP-TO-DATE
> Task :app:sdkReleaseDependencyData UP-TO-DATE
> Task :app:validateSigningRelease UP-TO-DATE
> Task :app:writeReleaseAppMetadata UP-TO-DATE
> Task :app:writeReleaseSigningConfigVersions UP-TO-DATE
> Task :app:kspReleaseKotlin

> Task :app:compileReleaseKotlin FAILED
e: file:///C:/Users/lomic/Dev/orbital-belt/app/src/main/java/com/orbital/run/data/local/database/TypeConverters.kt:83:29 Public-API inline function cannot access non-public-API 'private final val json: Json defined in com.orbital.run.data.local.database.Converters'
e: file:///C:/Users/lomic/Dev/orbital-belt/app/src/main/java/com/orbital/run/data/local/database/TypeConverters.kt:92:17 Public-API inline function cannot access non-public-API 'private final val json: Json defined in com.orbital.run.data.local.database.Converters'
e: file:///C:/Users/lomic/Dev/orbital-belt/app/src/main/java/com/orbital/run/data/mappers/LegacyMappers.kt:169:62 Unresolved reference: Algorithm
e: file:///C:/Users/lomic/Dev/orbital-belt/app/src/main/java/com/orbital/run/data/mappers/LegacyMappers.kt:170:12 'when' expression must be exhaustive, add necessary 'else' branch
e: file:///C:/Users/lomic/Dev/orbital-belt/app/src/main/java/com/orbital/run/data/mappers/LegacyMappers.kt:171:31 Unresolved reference: Algorithm
e: file:///C:/Users/lomic/Dev/orbital-belt/app/src/main/java/com/orbital/run/data/mappers/LegacyMappers.kt:172:31 Unresolved reference: Algorithm
e: file:///C:/Users/lomic/Dev/orbital-belt/app/src/main/java/com/orbital/run/data/mappers/LegacyMappers.kt:173:31 Unresolved reference: Algorithm
e: file:///C:/Users/lomic/Dev/orbital-belt/app/src/main/java/com/orbital/run/data/mappers/LegacyMappers.kt:174:31 Unresolved reference: Algorithm
e: file:///C:/Users/lomic/Dev/orbital-belt/app/src/main/java/com/orbital/run/data/mappers/LegacyMappers.kt:175:31 Unresolved reference: Algorithm
e: file:///C:/Users/lomic/Dev/orbital-belt/app/src/main/java/com/orbital/run/data/mappers/LegacyMappers.kt:176:31 Unresolved reference: Algorithm
e: file:///C:/Users/lomic/Dev/orbital-belt/app/src/main/java/com/orbital/run/data/mappers/LegacyMappers.kt:177:31 Unresolved reference: Algorithm
e: file:///C:/Users/lomic/Dev/orbital-belt/app/src/main/java/com/orbital/run/data/migration/LegacyJsonMigrator.kt:159:37 Suspension functions can be called only within coroutine body
e: file:///C:/Users/lomic/Dev/orbital-belt/app/src/main/java/com/orbital/run/data/migration/LegacyJsonMigrator.kt:308:42 Unresolved reference: Algorithm
e: file:///C:/Users/lomic/Dev/orbital-belt/app/src/main/java/com/orbital/run/domain/calculations/Calculations.kt:4:38 Unresolved reference: Duration
e: file:///C:/Users/lomic/Dev/orbital-belt/app/src/main/java/com/orbital/run/domain/calculations/Calculations.kt:20:49 Unresolved reference: Duration
e: file:///C:/Users/lomic/Dev/orbital-belt/app/src/main/java/com/orbital/run/domain/calculations/Calculations.kt:34:50 Unresolved reference: Duration
e: file:///C:/Users/lomic/Dev/orbital-belt/app/src/main/java/com/orbital/run/domain/calculations/Calculations.kt:38:32 Overload resolution ambiguity: 
public final operator fun div(other: Byte): Double defined in kotlin.Double
public final operator fun div(other: Double): Double defined in kotlin.Double
public final operator fun div(other: Float): Double defined in kotlin.Double
public final operator fun div(other: Int): Double defined in kotlin.Double
public final operator fun div(other: Long): Double defined in kotlin.Double
public final operator fun div(other: Short): Double defined in kotlin.Double
e: file:///C:/Users/lomic/Dev/orbital-belt/app/src/main/java/com/orbital/run/domain/calculations/Calculations.kt:59:30 Unresolved reference: Duration
e: file:///C:/Users/lomic/Dev/orbital-belt/app/src/main/java/com/orbital/run/presentation/components/DrawRunTopBar.kt:92:73 Unresolved reference: AutoMirrored
e: file:///C:/Users/lomic/Dev/orbital-belt/app/src/main/java/com/orbital/run/presentation/components/StatCard.kt:192:17 None of the following functions can be called with the arguments supplied: 
public fun LinearProgressIndicator(modifier: Modifier = ..., color: Color = ..., trackColor: Color = ..., strokeCap: StrokeCap = ...): Unit defined in androidx.compose.material3
public fun LinearProgressIndicator(progress: Float, modifier: Modifier = ..., color: Color = ..., trackColor: Color = ..., strokeCap: StrokeCap = ...): Unit defined in androidx.compose.material3
e: file:///C:/Users/lomic/Dev/orbital-belt/app/src/main/java/com/orbital/run/presentation/components/charts/DrawRunLineChart.kt:165:29 Unresolved reference: Fill
e: file:///C:/Users/lomic/Dev/orbital-belt/app/src/main/java/com/orbital/run/presentation/screens/analytics/AnalyticsScreen.kt:18:27 Unresolved reference: compose
e: file:///C:/Users/lomic/Dev/orbital-belt/app/src/main/java/com/orbital/run/presentation/screens/analytics/AnalyticsScreen.kt:39:38 Unresolved reference: collectAsStateWithLifecycle
e: file:///C:/Users/lomic/Dev/orbital-belt/app/src/main/java/com/orbital/run/presentation/screens/analytics/AnalyticsScreen.kt:40:58 Unresolved reference: collectAsStateWithLifecycle
e: file:///C:/Users/lomic/Dev/orbital-belt/app/src/main/java/com/orbital/run/presentation/screens/analytics/AnalyticsScreen.kt:352:13 This material API is experimental and is likely to change or to be removed in the future.
e: file:///C:/Users/lomic/Dev/orbital-belt/app/src/main/java/com/orbital/run/presentation/screens/analytics/AnalyticsScreen.kt:362:26 This material API is experimental and is likely to change or to be removed in the future.
e: file:///C:/Users/lomic/Dev/orbital-belt/app/src/main/java/com/orbital/run/presentation/screens/analytics/AnalyticsScreen.kt:362:45 This material API is experimental and is likely to change or to be removed in the future.
e: file:///C:/Users/lomic/Dev/orbital-belt/app/src/main/java/com/orbital/run/presentation/screens/analytics/AnalyticsViewModel.kt:60:54 Cannot find a parameter with this name: limit
e: file:///C:/Users/lomic/Dev/orbital-belt/app/src/main/java/com/orbital/run/presentation/screens/history/HistoryScreen.kt:17:27 Unresolved reference: compose
e: file:///C:/Users/lomic/Dev/orbital-belt/app/src/main/java/com/orbital/run/presentation/screens/history/HistoryScreen.kt:42:44 Unresolved reference: collectAsStateWithLifecycle
e: file:///C:/Users/lomic/Dev/orbital-belt/app/src/main/java/com/orbital/run/presentation/screens/history/HistoryScreen.kt:43:52 Unresolved reference: collectAsStateWithLifecycle
e: file:///C:/Users/lomic/Dev/orbital-belt/app/src/main/java/com/orbital/run/presentation/screens/history/HistoryScreen.kt:103:13 This material API is experimental and is likely to change or to be removed in the future.
e: file:///C:/Users/lomic/Dev/orbital-belt/app/src/main/java/com/orbital/run/presentation/screens/history/HistoryScreen.kt:121:26 This material API is experimental and is likely to change or to be removed in the future.
e: file:///C:/Users/lomic/Dev/orbital-belt/app/src/main/java/com/orbital/run/presentation/screens/history/HistoryScreen.kt:121:45 This material API is experimental and is likely to change or to be removed in the future.
e: file:///C:/Users/lomic/Dev/orbital-belt/app/src/main/java/com/orbital/run/presentation/screens/history/HistoryScreen.kt:193:27 Unresolved reference: sp
e: file:///C:/Users/lomic/Dev/orbital-belt/app/src/main/java/com/orbital/run/presentation/screens/history/HistoryViewModel.kt:21:46 Cannot find a parameter with this name: limit
e: file:///C:/Users/lomic/Dev/orbital-belt/app/src/main/java/com/orbital/run/presentation/screens/home/HomeScreen.kt:16:27 Unresolved reference: compose
e: file:///C:/Users/lomic/Dev/orbital-belt/app/src/main/java/com/orbital/run/presentation/screens/home/HomeScreen.kt:41:38 Unresolved reference: collectAsStateWithLifecycle
e: file:///C:/Users/lomic/Dev/orbital-belt/app/src/main/java/com/orbital/run/presentation/screens/home/HomeScreen.kt:147:17 None of the following functions can be called with the arguments supplied: 
public fun LinearProgressIndicator(modifier: Modifier = ..., color: Color = ..., trackColor: Color = ..., strokeCap: StrokeCap = ...): Unit defined in androidx.compose.material3
public fun LinearProgressIndicator(progress: Float, modifier: Modifier = ..., color: Color = ..., trackColor: Color = ..., strokeCap: StrokeCap = ...): Unit defined in androidx.compose.material3
e: file:///C:/Users/lomic/Dev/orbital-belt/app/src/main/java/com/orbital/run/presentation/screens/home/HomeViewModel.kt:64:54 Cannot find a parameter with this name: limit
e: file:///C:/Users/lomic/Dev/orbital-belt/app/src/main/java/com/orbital/run/presentation/screens/settings/SettingsScreen.kt:15:27 Unresolved reference: compose
e: file:///C:/Users/lomic/Dev/orbital-belt/app/src/main/java/com/orbital/run/presentation/screens/settings/SettingsScreen.kt:33:44 Unresolved reference: collectAsStateWithLifecycle
e: file:///C:/Users/lomic/Dev/orbital-belt/app/src/main/java/com/orbital/run/presentation/screens/settings/SettingsScreen.kt:34:52 Unresolved reference: collectAsStateWithLifecycle
e: file:///C:/Users/lomic/Dev/orbital-belt/app/src/main/java/com/orbital/run/presentation/screens/settings/SettingsScreen.kt:35:54 Unresolved reference: collectAsStateWithLifecycle
e: file:///C:/Users/lomic/Dev/orbital-belt/app/src/main/java/com/orbital/run/ui/ActivityDetailScreen.kt:210:62 Unresolved reference: AppText
e: file:///C:/Users/lomic/Dev/orbital-belt/app/src/main/java/com/orbital/run/ui/ActivityDetailScreen.kt:487:102 Unresolved reference: AirAccent
e: file:///C:/Users/lomic/Dev/orbital-belt/app/src/main/java/com/orbital/run/ui/ActivityDetailScreen.kt:489:104 Unresolved reference: AirAccent
e: file:///C:/Users/lomic/Dev/orbital-belt/app/src/main/java/com/orbital/run/ui/ActivityDetailScreen.kt:507:90 Unresolved reference: AirAccent
e: file:///C:/Users/lomic/Dev/orbital-belt/app/src/main/java/com/orbital/run/ui/ActivityDetailScreen.kt:509:100 Unresolved reference: AirAccent
e: file:///C:/Users/lomic/Dev/orbital-belt/app/src/main/java/com/orbital/run/ui/ActivityDetailScreen.kt:908:30 Unresolved reference: formatPace
e: file:///C:/Users/lomic/Dev/orbital-belt/app/src/main/java/com/orbital/run/ui/ActivityDetailScreen.kt:908:86 Unresolved reference: formatPace
e: file:///C:/Users/lomic/Dev/orbital-belt/app/src/main/java/com/orbital/run/ui/ActivityDetailScreen.kt:914:24 Unresolved reference: formatPace
e: file:///C:/Users/lomic/Dev/orbital-belt/app/src/main/java/com/orbital/run/ui/ActivityDetailScreen.kt:992:58 Unresolved reference: AirAccent
e: file:///C:/Users/lomic/Dev/orbital-belt/app/src/main/java/com/orbital/run/ui/ActivityDetailScreen.kt:1250:128 Unresolved reference: AirAccent
e: file:///C:/Users/lomic/Dev/orbital-belt/app/src/main/java/com/orbital/run/ui/ActivityDetailScreen.kt:1404:29 Unresolved reference: AirAccent
e: file:///C:/Users/lomic/Dev/orbital-belt/app/src/main/java/com/orbital/run/ui/AnalysisDialogs.kt:104:37 Unresolved reference: AirAccent
e: file:///C:/Users/lomic/Dev/orbital-belt/app/src/main/java/com/orbital/run/ui/AnalysisDialogs.kt:133:37 Unresolved reference: AirAccent
e: file:///C:/Users/lomic/Dev/orbital-belt/app/src/main/java/com/orbital/run/ui/AnalysisDialogs.kt:144:37 Unresolved reference: AirAccent
e: file:///C:/Users/lomic/Dev/orbital-belt/app/src/main/java/com/orbital/run/ui/AnalysisDialogs.kt:182:37 Unresolved reference: AirAccent
e: file:///C:/Users/lomic/Dev/orbital-belt/app/src/main/java/com/orbital/run/ui/AnalysisDialogs.kt:191:37 Unresolved reference: AirAccent
e: file:///C:/Users/lomic/Dev/orbital-belt/app/src/main/java/com/orbital/run/ui/AnalysisDialogs.kt:204:37 Unresolved reference: AirAccent
e: file:///C:/Users/lomic/Dev/orbital-belt/app/src/main/java/com/orbital/run/ui/DashboardComponents.kt:57:140 Unresolved reference: AirAccent
e: file:///C:/Users/lomic/Dev/orbital-belt/app/src/main/java/com/orbital/run/ui/HealthConnectComponents.kt:37:25 Unresolved reference: AirBackground
e: file:///C:/Users/lomic/Dev/orbital-belt/app/src/main/java/com/orbital/run/ui/NotificationDialog.kt:40:47 Unresolved reference: AppText
e: file:///C:/Users/lomic/Dev/orbital-belt/app/src/main/java/com/orbital/run/ui/NotificationDialog.kt:107:29 Unresolved reference: AirAccent
e: file:///C:/Users/lomic/Dev/orbital-belt/app/src/main/java/com/orbital/run/ui/NotificationDialog.kt:113:25 Unresolved reference: AppText
e: file:///C:/Users/lomic/Dev/orbital-belt/app/src/main/java/com/orbital/run/ui/ProfessionalCharts.kt:373:59 Unresolved reference: AirBackground
e: file:///C:/Users/lomic/Dev/orbital-belt/app/src/main/java/com/orbital/run/ui/ProfessionalCharts.kt:378:76 Unresolved reference: AirAccent
e: file:///C:/Users/lomic/Dev/orbital-belt/app/src/main/java/com/orbital/run/ui/ProfessionalCharts.kt:386:93 Unresolved reference: AirAccent
e: file:///C:/Users/lomic/Dev/orbital-belt/app/src/main/java/com/orbital/run/ui/ProfessionalCharts.kt:417:79 Unresolved reference: AirAccent
e: file:///C:/Users/lomic/Dev/orbital-belt/app/src/main/java/com/orbital/run/ui/ProfessionalCharts.kt:665:39 Unresolved reference: AirAccent
e: file:///C:/Users/lomic/Dev/orbital-belt/app/src/main/java/com/orbital/run/ui/ProfessionalCharts.kt:694:82 Unresolved reference: AirAccent
e: file:///C:/Users/lomic/Dev/orbital-belt/app/src/main/java/com/orbital/run/ui/ProfessionalCharts.kt:801:69 Unresolved reference: AirBackground
e: file:///C:/Users/lomic/Dev/orbital-belt/app/src/main/java/com/orbital/run/ui/ProfessionalCharts.kt:842:92 Unresolved reference: AirAccent
e: file:///C:/Users/lomic/Dev/orbital-belt/app/src/main/java/com/orbital/run/ui/ProfessionalCharts.kt:935:36 Unresolved reference: AirAccent
e: file:///C:/Users/lomic/Dev/orbital-belt/app/src/main/java/com/orbital/run/ui/ProfessionalCharts.kt:951:101 Unresolved reference: AirAccent
e: file:///C:/Users/lomic/Dev/orbital-belt/app/src/main/java/com/orbital/run/ui/ProfessionalCharts.kt:996:102 Unresolved reference: AirBackground
e: file:///C:/Users/lomic/Dev/orbital-belt/app/src/main/java/com/orbital/run/ui/ProfessionalCharts.kt:1030:32 Unresolved reference: AirAccent
e: file:///C:/Users/lomic/Dev/orbital-belt/app/src/main/java/com/orbital/run/ui/ProfessionalCharts.kt:1108:65 Unresolved reference: AirAccent
e: file:///C:/Users/lomic/Dev/orbital-belt/app/src/main/java/com/orbital/run/ui/ProfessionalCharts.kt:1285:40 Unresolved reference: AirAccent
e: file:///C:/Users/lomic/Dev/orbital-belt/app/src/main/java/com/orbital/run/ui/ProfessionalCharts.kt:1364:99 Unresolved reference: AirAccent
e: file:///C:/Users/lomic/Dev/orbital-belt/app/src/main/java/com/orbital/run/ui/ProfessionalCharts.kt:1369:55 Unresolved reference: formatPace
e: file:///C:/Users/lomic/Dev/orbital-belt/app/src/main/java/com/orbital/run/ui/ProfessionalCharts.kt:1492:14 Unresolved reference: formatPace
e: file:///C:/Users/lomic/Dev/orbital-belt/app/src/main/java/com/orbital/run/ui/ProfessionalCharts.kt:1639:58 Unresolved reference: AirAccent
e: file:///C:/Users/lomic/Dev/orbital-belt/app/src/main/java/com/orbital/run/ui/ProfessionalCharts.kt:1645:55 Unresolved reference: AirAccent
e: file:///C:/Users/lomic/Dev/orbital-belt/app/src/main/java/com/orbital/run/ui/ProfessionalCharts.kt:1645:77 Unresolved reference: AirAccent
e: file:///C:/Users/lomic/Dev/orbital-belt/app/src/main/java/com/orbital/run/ui/ProfessionalCharts.kt:1648:24 Unresolved reference: AirAccent
e: file:///C:/Users/lomic/Dev/orbital-belt/app/src/main/java/com/orbital/run/ui/ProfessionalCharts.kt:1667:31 None of the following functions can be called with the arguments supplied: 
public final fun verticalGradient(vararg colorStops: Pair<Float, Color>, startY: Float = ..., endY: Float = ..., tileMode: TileMode = ...): Brush defined in androidx.compose.ui.graphics.Brush.Companion
public final fun verticalGradient(colors: List<Color>, startY: Float = ..., endY: Float = ..., tileMode: TileMode = ...): Brush defined in androidx.compose.ui.graphics.Brush.Companion
e: file:///C:/Users/lomic/Dev/orbital-belt/app/src/main/java/com/orbital/run/ui/ProfessionalCharts.kt:1667:55 Unresolved reference: AirAccent
e: file:///C:/Users/lomic/Dev/orbital-belt/app/src/main/java/com/orbital/run/ui/ProfessionalCharts.kt:1667:77 Unresolved reference: AirAccent
e: file:///C:/Users/lomic/Dev/orbital-belt/app/src/main/java/com/orbital/run/ui/ProfessionalCharts.kt:1679:70 Unresolved reference: AirAccent

[Incubating] Problems report is available at: file:///C:/Users/lomic/Dev/orbital-belt/build/reports/problems/problems-report.html

FAILURE: Build failed with an exception.

* What went wrong:
Execution failed for task ':app:compileReleaseKotlin'.
> A failure occurred while executing org.jetbrains.kotlin.compilerRunner.GradleCompilerRunnerWithWorkers$GradleKotlinCompilerWorkAction
   > Compilation error. See log for more details

* Try:
> Run with --stacktrace option to get the stack trace.
> Run with --info or --debug option to get more log output.
> Run with --scan to generate a Build Scan (Powered by Develocity).
> Get more help at https://help.gradle.org.

Deprecated Gradle features were used in this build, making it incompatible with Gradle 10.

You can use '--warning-mode all' to show the individual deprecation warnings and determine if they come from your own scripts or plugins.

For more on this, please refer to https://docs.gradle.org/9.1.0/userguide/command_line_interface.html#sec:command_line_warnings in the Gradle documentation.

BUILD FAILED in 34s
39 actionable tasks: 3 executed, 36 up-to-date
