WARNING: A restricted method in java.lang.System has been called
WARNING: java.lang.System::load has been called by net.rubygrapefruit.platform.internal.NativeLibraryLoader in an unnamed module (file:/C:/Users/lomic/.gradle/wrapper/dists/gradle-8.11.1-bin/bpt9gzteqjrbo1mjrsomdt32c/gradle-8.11.1/lib/native-platform-0.22-milestone-26.jar)
WARNING: Use --enable-native-access=ALL-UNNAMED to avoid a warning for callers in this module
WARNING: Restricted methods will be blocked in a future release unless native access is enabled

> Task :app:checkKotlinGradlePluginConfigurationErrors
> Task :app:preBuild UP-TO-DATE
> Task :app:preReleaseBuild UP-TO-DATE
> Task :app:generateReleaseBuildConfig UP-TO-DATE
> Task :app:checkReleaseAarMetadata UP-TO-DATE
> Task :app:generateReleaseResValues UP-TO-DATE
> Task :app:mapReleaseSourceSetPaths UP-TO-DATE
> Task :app:generateReleaseResources UP-TO-DATE
> Task :app:mergeReleaseResources UP-TO-DATE
> Task :app:packageReleaseResources UP-TO-DATE
> Task :app:parseReleaseLocalResources UP-TO-DATE
> Task :app:createReleaseCompatibleScreenManifests UP-TO-DATE
> Task :app:extractDeepLinksRelease UP-TO-DATE
> Task :app:processReleaseMainManifest UP-TO-DATE
> Task :app:processReleaseManifest UP-TO-DATE
> Task :app:processReleaseManifestForPackage UP-TO-DATE
> Task :app:processReleaseResources UP-TO-DATE

> Task :app:compileReleaseKotlin FAILED
e: file:///C:/Users/lomic/Dev/orbital-belt/app/src/main/java/com/orbital/run/ui/HealthConnectComponents.kt:2:2 Unresolved reference: Composable
e: file:///C:/Users/lomic/Dev/orbital-belt/app/src/main/java/com/orbital/run/ui/HealthConnectComponents.kt:8:5 Unresolved reference: Column
e: file:///C:/Users/lomic/Dev/orbital-belt/app/src/main/java/com/orbital/run/ui/HealthConnectComponents.kt:9:20 Unresolved reference: Modifier
e: file:///C:/Users/lomic/Dev/orbital-belt/app/src/main/java/com/orbital/run/ui/HealthConnectComponents.kt:11:25 Unresolved reference: AppBg
e: file:///C:/Users/lomic/Dev/orbital-belt/app/src/main/java/com/orbital/run/ui/HealthConnectComponents.kt:12:25 Unresolved reference: dp
e: file:///C:/Users/lomic/Dev/orbital-belt/app/src/main/java/com/orbital/run/ui/HealthConnectComponents.kt:13:29 Unresolved reference: rememberScrollState
e: file:///C:/Users/lomic/Dev/orbital-belt/app/src/main/java/com/orbital/run/ui/HealthConnectComponents.kt:14:31 Unresolved reference: Alignment
e: file:///C:/Users/lomic/Dev/orbital-belt/app/src/main/java/com/orbital/run/ui/HealthConnectComponents.kt:15:31 Unresolved reference: Arrangement
e: file:///C:/Users/lomic/Dev/orbital-belt/app/src/main/java/com/orbital/run/ui/HealthConnectComponents.kt:18:9 Unresolved reference: Icon
e: file:///C:/Users/lomic/Dev/orbital-belt/app/src/main/java/com/orbital/run/ui/HealthConnectComponents.kt:19:13 Unresolved reference: Icons
e: file:///C:/Users/lomic/Dev/orbital-belt/app/src/main/java/com/orbital/run/ui/HealthConnectComponents.kt:21:24 Unresolved reference: Modifier
e: file:///C:/Users/lomic/Dev/orbital-belt/app/src/main/java/com/orbital/run/ui/HealthConnectComponents.kt:21:41 Unresolved reference: dp
e: file:///C:/Users/lomic/Dev/orbital-belt/app/src/main/java/com/orbital/run/ui/HealthConnectComponents.kt:22:20 Unresolved reference: AirPrimary
e: file:///C:/Users/lomic/Dev/orbital-belt/app/src/main/java/com/orbital/run/ui/HealthConnectComponents.kt:25:9 Unresolved reference: Spacer
e: file:///C:/Users/lomic/Dev/orbital-belt/app/src/main/java/com/orbital/run/ui/HealthConnectComponents.kt:25:16 Unresolved reference: Modifier
e: file:///C:/Users/lomic/Dev/orbital-belt/app/src/main/java/com/orbital/run/ui/HealthConnectComponents.kt:25:35 Unresolved reference: dp
e: file:///C:/Users/lomic/Dev/orbital-belt/app/src/main/java/com/orbital/run/ui/HealthConnectComponents.kt:28:9 Unresolved reference: Text
e: file:///C:/Users/lomic/Dev/orbital-belt/app/src/main/java/com/orbital/run/ui/HealthConnectComponents.kt:30:27 Unresolved reference: sp
e: file:///C:/Users/lomic/Dev/orbital-belt/app/src/main/java/com/orbital/run/ui/HealthConnectComponents.kt:31:26 Unresolved reference: FontWeight
e: file:///C:/Users/lomic/Dev/orbital-belt/app/src/main/java/com/orbital/run/ui/HealthConnectComponents.kt:32:21 Unresolved reference: AppText
e: file:///C:/Users/lomic/Dev/orbital-belt/app/src/main/java/com/orbital/run/ui/HealthConnectComponents.kt:33:25 Unresolved reference: TextAlign
e: file:///C:/Users/lomic/Dev/orbital-belt/app/src/main/java/com/orbital/run/ui/HealthConnectComponents.kt:36:9 Unresolved reference: Spacer
e: file:///C:/Users/lomic/Dev/orbital-belt/app/src/main/java/com/orbital/run/ui/HealthConnectComponents.kt:36:16 Unresolved reference: Modifier
e: file:///C:/Users/lomic/Dev/orbital-belt/app/src/main/java/com/orbital/run/ui/HealthConnectComponents.kt:36:35 Unresolved reference: dp
e: file:///C:/Users/lomic/Dev/orbital-belt/app/src/main/java/com/orbital/run/ui/HealthConnectComponents.kt:39:9 Unresolved reference: Text
e: file:///C:/Users/lomic/Dev/orbital-belt/app/src/main/java/com/orbital/run/ui/HealthConnectComponents.kt:41:27 Unresolved reference: sp
e: file:///C:/Users/lomic/Dev/orbital-belt/app/src/main/java/com/orbital/run/ui/HealthConnectComponents.kt:42:21 Unresolved reference: AirTextSecondary
e: file:///C:/Users/lomic/Dev/orbital-belt/app/src/main/java/com/orbital/run/ui/HealthConnectComponents.kt:43:25 Unresolved reference: TextAlign
e: file:///C:/Users/lomic/Dev/orbital-belt/app/src/main/java/com/orbital/run/ui/HealthConnectComponents.kt:44:29 Unresolved reference: sp
e: file:///C:/Users/lomic/Dev/orbital-belt/app/src/main/java/com/orbital/run/ui/HealthConnectComponents.kt:47:9 Unresolved reference: Spacer
e: file:///C:/Users/lomic/Dev/orbital-belt/app/src/main/java/com/orbital/run/ui/HealthConnectComponents.kt:47:16 Unresolved reference: Modifier
e: file:///C:/Users/lomic/Dev/orbital-belt/app/src/main/java/com/orbital/run/ui/HealthConnectComponents.kt:47:35 Unresolved reference: dp
e: file:///C:/Users/lomic/Dev/orbital-belt/app/src/main/java/com/orbital/run/ui/HealthConnectComponents.kt:50:9 Unresolved reference: Card
e: file:///C:/Users/lomic/Dev/orbital-belt/app/src/main/java/com/orbital/run/ui/HealthConnectComponents.kt:51:24 Unresolved reference: Modifier
e: file:///C:/Users/lomic/Dev/orbital-belt/app/src/main/java/com/orbital/run/ui/HealthConnectComponents.kt:52:22 Unresolved reference: CardDefaults
e: file:///C:/Users/lomic/Dev/orbital-belt/app/src/main/java/com/orbital/run/ui/HealthConnectComponents.kt:53:64 Unresolved reference: AirPrimary
e: file:///C:/Users/lomic/Dev/orbital-belt/app/src/main/java/com/orbital/run/ui/HealthConnectComponents.kt:53:99 Unresolved reference: Color
e: file:///C:/Users/lomic/Dev/orbital-belt/app/src/main/java/com/orbital/run/ui/HealthConnectComponents.kt:55:21 Unresolved reference: RoundedCornerShape
e: file:///C:/Users/lomic/Dev/orbital-belt/app/src/main/java/com/orbital/run/ui/HealthConnectComponents.kt:55:43 Unresolved reference: dp
e: file:///C:/Users/lomic/Dev/orbital-belt/app/src/main/java/com/orbital/run/ui/HealthConnectComponents.kt:56:22 Unresolved reference: BorderStroke
e: file:///C:/Users/lomic/Dev/orbital-belt/app/src/main/java/com/orbital/run/ui/HealthConnectComponents.kt:57:19 Unresolved reference: dp
e: file:///C:/Users/lomic/Dev/orbital-belt/app/src/main/java/com/orbital/run/ui/HealthConnectComponents.kt:58:47 Unresolved reference: AirPrimary
e: file:///C:/Users/lomic/Dev/orbital-belt/app/src/main/java/com/orbital/run/ui/HealthConnectComponents.kt:58:63 Unresolved reference: AirSurface
e: file:///C:/Users/lomic/Dev/orbital-belt/app/src/main/java/com/orbital/run/ui/HealthConnectComponents.kt:61:13 Unresolved reference: Row
e: file:///C:/Users/lomic/Dev/orbital-belt/app/src/main/java/com/orbital/run/ui/HealthConnectComponents.kt:62:28 Unresolved reference: Modifier
e: file:///C:/Users/lomic/Dev/orbital-belt/app/src/main/java/com/orbital/run/ui/HealthConnectComponents.kt:62:48 Unresolved reference: dp
e: file:///C:/Users/lomic/Dev/orbital-belt/app/src/main/java/com/orbital/run/ui/HealthConnectComponents.kt:63:41 Unresolved reference: Arrangement
e: file:///C:/Users/lomic/Dev/orbital-belt/app/src/main/java/com/orbital/run/ui/HealthConnectComponents.kt:64:37 Unresolved reference: Alignment
e: file:///C:/Users/lomic/Dev/orbital-belt/app/src/main/java/com/orbital/run/ui/HealthConnectComponents.kt:66:17 Unresolved reference: Row
e: file:///C:/Users/lomic/Dev/orbital-belt/app/src/main/java/com/orbital/run/ui/HealthConnectComponents.kt:66:41 Unresolved reference: Alignment
e: file:///C:/Users/lomic/Dev/orbital-belt/app/src/main/java/com/orbital/run/ui/HealthConnectComponents.kt:67:21 Unresolved reference: Icon
e: file:///C:/Users/lomic/Dev/orbital-belt/app/src/main/java/com/orbital/run/ui/HealthConnectComponents.kt:68:25 Unresolved reference: Icons
e: file:///C:/Users/lomic/Dev/orbital-belt/app/src/main/java/com/orbital/run/ui/HealthConnectComponents.kt:70:62 Unresolved reference: AirPrimary
e: file:///C:/Users/lomic/Dev/orbital-belt/app/src/main/java/com/orbital/run/ui/HealthConnectComponents.kt:70:78 Unresolved reference: AirTextSecondary
e: file:///C:/Users/lomic/Dev/orbital-belt/app/src/main/java/com/orbital/run/ui/HealthConnectComponents.kt:71:36 Unresolved reference: Modifier
e: file:///C:/Users/lomic/Dev/orbital-belt/app/src/main/java/com/orbital/run/ui/HealthConnectComponents.kt:71:53 Unresolved reference: dp
e: file:///C:/Users/lomic/Dev/orbital-belt/app/src/main/java/com/orbital/run/ui/HealthConnectComponents.kt:73:21 Unresolved reference: Spacer
e: file:///C:/Users/lomic/Dev/orbital-belt/app/src/main/java/com/orbital/run/ui/HealthConnectComponents.kt:73:28 Unresolved reference: Modifier
e: file:///C:/Users/lomic/Dev/orbital-belt/app/src/main/java/com/orbital/run/ui/HealthConnectComponents.kt:73:46 Unresolved reference: dp
e: file:///C:/Users/lomic/Dev/orbital-belt/app/src/main/java/com/orbital/run/ui/HealthConnectComponents.kt:74:21 Unresolved reference: Column
e: file:///C:/Users/lomic/Dev/orbital-belt/app/src/main/java/com/orbital/run/ui/HealthConnectComponents.kt:75:25 Unresolved reference: Text
e: file:///C:/Users/lomic/Dev/orbital-belt/app/src/main/java/com/orbital/run/ui/HealthConnectComponents.kt:77:42 Unresolved reference: FontWeight
e: file:///C:/Users/lomic/Dev/orbital-belt/app/src/main/java/com/orbital/run/ui/HealthConnectComponents.kt:78:43 Unresolved reference: sp
e: file:///C:/Users/lomic/Dev/orbital-belt/app/src/main/java/com/orbital/run/ui/HealthConnectComponents.kt:79:37 Unresolved reference: AppText
e: file:///C:/Users/lomic/Dev/orbital-belt/app/src/main/java/com/orbital/run/ui/HealthConnectComponents.kt:81:25 Unresolved reference: Text
e: file:///C:/Users/lomic/Dev/orbital-belt/app/src/main/java/com/orbital/run/ui/HealthConnectComponents.kt:83:43 Unresolved reference: sp
e: file:///C:/Users/lomic/Dev/orbital-belt/app/src/main/java/com/orbital/run/ui/HealthConnectComponents.kt:84:67 Unresolved reference: AirPrimary
e: file:///C:/Users/lomic/Dev/orbital-belt/app/src/main/java/com/orbital/run/ui/HealthConnectComponents.kt:84:83 Unresolved reference: AirTextSecondary
e: file:///C:/Users/lomic/Dev/orbital-belt/app/src/main/java/com/orbital/run/ui/HealthConnectComponents.kt:90:21 Unresolved reference: Button
e: file:///C:/Users/lomic/Dev/orbital-belt/app/src/main/java/com/orbital/run/ui/HealthConnectComponents.kt:92:34 Unresolved reference: ButtonDefaults
e: file:///C:/Users/lomic/Dev/orbital-belt/app/src/main/java/com/orbital/run/ui/HealthConnectComponents.kt:92:79 Unresolved reference: AirPrimary
e: file:///C:/Users/lomic/Dev/orbital-belt/app/src/main/java/com/orbital/run/ui/HealthConnectComponents.kt:94:25 Unresolved reference: Text
e: file:///C:/Users/lomic/Dev/orbital-belt/app/src/main/java/com/orbital/run/ui/HealthConnectComponents.kt:100:9 Unresolved reference: Spacer
e: file:///C:/Users/lomic/Dev/orbital-belt/app/src/main/java/com/orbital/run/ui/HealthConnectComponents.kt:100:16 Unresolved reference: Modifier
e: file:///C:/Users/lomic/Dev/orbital-belt/app/src/main/java/com/orbital/run/ui/HealthConnectComponents.kt:100:35 Unresolved reference: dp
e: file:///C:/Users/lomic/Dev/orbital-belt/app/src/main/java/com/orbital/run/ui/HealthConnectComponents.kt:103:9 Unresolved reference: Button
e: file:///C:/Users/lomic/Dev/orbital-belt/app/src/main/java/com/orbital/run/ui/HealthConnectComponents.kt:105:24 Unresolved reference: Modifier
e: file:///C:/Users/lomic/Dev/orbital-belt/app/src/main/java/com/orbital/run/ui/HealthConnectComponents.kt:105:58 Unresolved reference: dp
e: file:///C:/Users/lomic/Dev/orbital-belt/app/src/main/java/com/orbital/run/ui/HealthConnectComponents.kt:106:22 Unresolved reference: ButtonDefaults
e: file:///C:/Users/lomic/Dev/orbital-belt/app/src/main/java/com/orbital/run/ui/HealthConnectComponents.kt:106:67 Unresolved reference: AirPrimary
e: file:///C:/Users/lomic/Dev/orbital-belt/app/src/main/java/com/orbital/run/ui/HealthConnectComponents.kt:109:13 Unresolved reference: Text
e: file:///C:/Users/lomic/Dev/orbital-belt/app/src/main/java/com/orbital/run/ui/HealthConnectComponents.kt:111:31 Unresolved reference: sp
e: file:///C:/Users/lomic/Dev/orbital-belt/app/src/main/java/com/orbital/run/ui/HealthConnectComponents.kt:112:30 Unresolved reference: FontWeight
e: file:///C:/Users/lomic/Dev/orbital-belt/app/src/main/java/com/orbital/run/ui/HealthConnectComponents.kt:117:13 Unresolved reference: Spacer
e: file:///C:/Users/lomic/Dev/orbital-belt/app/src/main/java/com/orbital/run/ui/HealthConnectComponents.kt:117:20 Unresolved reference: Modifier
e: file:///C:/Users/lomic/Dev/orbital-belt/app/src/main/java/com/orbital/run/ui/HealthConnectComponents.kt:117:39 Unresolved reference: dp
e: file:///C:/Users/lomic/Dev/orbital-belt/app/src/main/java/com/orbital/run/ui/HealthConnectComponents.kt:118:13 Unresolved reference: Text
e: file:///C:/Users/lomic/Dev/orbital-belt/app/src/main/java/com/orbital/run/ui/HealthConnectComponents.kt:120:31 Unresolved reference: sp
e: file:///C:/Users/lomic/Dev/orbital-belt/app/src/main/java/com/orbital/run/ui/HealthConnectComponents.kt:121:25 Unresolved reference: AirTextLight
e: file:///C:/Users/lomic/Dev/orbital-belt/app/src/main/java/com/orbital/run/ui/HealthConnectComponents.kt:122:29 Unresolved reference: TextAlign
e: file:///C:/Users/lomic/Dev/orbital-belt/app/src/main/java/com/orbital/run/ui/HealthConnectComponents.kt:129:2 Unresolved reference: Composable
e: file:///C:/Users/lomic/Dev/orbital-belt/app/src/main/java/com/orbital/run/ui/HealthConnectComponents.kt:131:13 Unresolved reference: SyncManager
e: file:///C:/Users/lomic/Dev/orbital-belt/app/src/main/java/com/orbital/run/ui/HealthConnectComponents.kt:135:9 Unresolved reference: AlertDialog
e: file:///C:/Users/lomic/Dev/orbital-belt/app/src/main/java/com/orbital/run/ui/HealthConnectComponents.kt:138:17 Unresolved reference: Row
e: file:///C:/Users/lomic/Dev/orbital-belt/app/src/main/java/com/orbital/run/ui/HealthConnectComponents.kt:138:41 Unresolved reference: Alignment
e: file:///C:/Users/lomic/Dev/orbital-belt/app/src/main/java/com/orbital/run/ui/HealthConnectComponents.kt:139:21 Unresolved reference: Icon
e: file:///C:/Users/lomic/Dev/orbital-belt/app/src/main/java/com/orbital/run/ui/HealthConnectComponents.kt:140:25 'when' expression must be exhaustive, add necessary 'else' branch
e: file:///C:/Users/lomic/Dev/orbital-belt/app/src/main/java/com/orbital/run/ui/HealthConnectComponents.kt:141:32 Unresolved reference: SyncManager
e: file:///C:/Users/lomic/Dev/orbital-belt/app/src/main/java/com/orbital/run/ui/HealthConnectComponents.kt:141:66 Unresolved reference: Icons
e: file:///C:/Users/lomic/Dev/orbital-belt/app/src/main/java/com/orbital/run/ui/HealthConnectComponents.kt:142:32 Unresolved reference: SyncManager
e: file:///C:/Users/lomic/Dev/orbital-belt/app/src/main/java/com/orbital/run/ui/HealthConnectComponents.kt:142:68 Unresolved reference: Icons
e: file:///C:/Users/lomic/Dev/orbital-belt/app/src/main/java/com/orbital/run/ui/HealthConnectComponents.kt:143:32 Unresolved reference: SyncManager
e: file:///C:/Users/lomic/Dev/orbital-belt/app/src/main/java/com/orbital/run/ui/HealthConnectComponents.kt:143:64 Unresolved reference: Icons
e: file:///C:/Users/lomic/Dev/orbital-belt/app/src/main/java/com/orbital/run/ui/HealthConnectComponents.kt:146:32 'when' expression must be exhaustive, add necessary 'else' branch
e: file:///C:/Users/lomic/Dev/orbital-belt/app/src/main/java/com/orbital/run/ui/HealthConnectComponents.kt:147:32 Unresolved reference: SyncManager
e: file:///C:/Users/lomic/Dev/orbital-belt/app/src/main/java/com/orbital/run/ui/HealthConnectComponents.kt:147:66 Unresolved reference: Color
e: file:///C:/Users/lomic/Dev/orbital-belt/app/src/main/java/com/orbital/run/ui/HealthConnectComponents.kt:148:32 Unresolved reference: SyncManager
e: file:///C:/Users/lomic/Dev/orbital-belt/app/src/main/java/com/orbital/run/ui/HealthConnectComponents.kt:148:68 Unresolved reference: Color
e: file:///C:/Users/lomic/Dev/orbital-belt/app/src/main/java/com/orbital/run/ui/HealthConnectComponents.kt:149:32 Unresolved reference: SyncManager
e: file:///C:/Users/lomic/Dev/orbital-belt/app/src/main/java/com/orbital/run/ui/HealthConnectComponents.kt:149:64 Unresolved reference: Color
e: file:///C:/Users/lomic/Dev/orbital-belt/app/src/main/java/com/orbital/run/ui/HealthConnectComponents.kt:151:36 Unresolved reference: Modifier
e: file:///C:/Users/lomic/Dev/orbital-belt/app/src/main/java/com/orbital/run/ui/HealthConnectComponents.kt:151:53 Unresolved reference: dp
e: file:///C:/Users/lomic/Dev/orbital-belt/app/src/main/java/com/orbital/run/ui/HealthConnectComponents.kt:153:21 Unresolved reference: Spacer
e: file:///C:/Users/lomic/Dev/orbital-belt/app/src/main/java/com/orbital/run/ui/HealthConnectComponents.kt:153:28 Unresolved reference: Modifier
e: file:///C:/Users/lomic/Dev/orbital-belt/app/src/main/java/com/orbital/run/ui/HealthConnectComponents.kt:153:46 Unresolved reference: dp
e: file:///C:/Users/lomic/Dev/orbital-belt/app/src/main/java/com/orbital/run/ui/HealthConnectComponents.kt:154:21 Unresolved reference: Text
e: file:///C:/Users/lomic/Dev/orbital-belt/app/src/main/java/com/orbital/run/ui/HealthConnectComponents.kt:155:25 'when' expression must be exhaustive, add necessary 'else' branch
e: file:///C:/Users/lomic/Dev/orbital-belt/app/src/main/java/com/orbital/run/ui/HealthConnectComponents.kt:156:32 Unresolved reference: SyncManager
e: file:///C:/Users/lomic/Dev/orbital-belt/app/src/main/java/com/orbital/run/ui/HealthConnectComponents.kt:157:32 Unresolved reference: SyncManager
e: file:///C:/Users/lomic/Dev/orbital-belt/app/src/main/java/com/orbital/run/ui/HealthConnectComponents.kt:158:32 Unresolved reference: SyncManager
e: file:///C:/Users/lomic/Dev/orbital-belt/app/src/main/java/com/orbital/run/ui/HealthConnectComponents.kt:160:38 Unresolved reference: FontWeight
e: file:///C:/Users/lomic/Dev/orbital-belt/app/src/main/java/com/orbital/run/ui/HealthConnectComponents.kt:165:17 Unresolved reference: Text
e: file:///C:/Users/lomic/Dev/orbital-belt/app/src/main/java/com/orbital/run/ui/HealthConnectComponents.kt:166:21 'when' expression must be exhaustive, add necessary 'else' branch
e: file:///C:/Users/lomic/Dev/orbital-belt/app/src/main/java/com/orbital/run/ui/HealthConnectComponents.kt:167:28 Unresolved reference: SyncManager
e: file:///C:/Users/lomic/Dev/orbital-belt/app/src/main/java/com/orbital/run/ui/HealthConnectComponents.kt:168:28 Unresolved reference: SyncManager
e: file:///C:/Users/lomic/Dev/orbital-belt/app/src/main/java/com/orbital/run/ui/HealthConnectComponents.kt:169:28 Unresolved reference: SyncManager
e: file:///C:/Users/lomic/Dev/orbital-belt/app/src/main/java/com/orbital/run/ui/HealthConnectComponents.kt:174:17 Unresolved reference: Button
e: file:///C:/Users/lomic/Dev/orbital-belt/app/src/main/java/com/orbital/run/ui/HealthConnectComponents.kt:175:21 Unresolved reference: Text
e: file:///C:/Users/lomic/Dev/orbital-belt/app/src/main/java/com/orbital/run/ui/HealthConnectComponents.kt:178:30 Unresolved reference: Color
e: file:///C:/Users/lomic/Dev/orbital-belt/app/src/main/java/com/orbital/run/ui/MainScreen.kt:242:21 Unresolved reference: SimpleHealthConnectOnboarding

FAILURE: Build failed with an exception.

* What went wrong:
Execution failed for task ':app:compileReleaseKotlin'.
> A failure occurred while executing org.jetbrains.kotlin.compilerRunner.GradleCompilerRunnerWithWorkers$GradleKotlinCompilerWorkAction
   > Compilation error. See log for more details

* Try:
> Run with --info or --debug option to get more log output.
> Run with --scan to get full insights.
> Get more help at https://help.gradle.org.

* Exception is:
org.gradle.api.tasks.TaskExecutionException: Execution failed for task ':app:compileReleaseKotlin'.
	at org.gradle.api.internal.tasks.execution.ExecuteActionsTaskExecuter.lambda$executeIfValid$1(ExecuteActionsTaskExecuter.java:130)
	at org.gradle.internal.Try$Failure.ifSuccessfulOrElse(Try.java:293)
	at org.gradle.api.internal.tasks.execution.ExecuteActionsTaskExecuter.executeIfValid(ExecuteActionsTaskExecuter.java:128)
	at org.gradle.api.internal.tasks.execution.ExecuteActionsTaskExecuter.execute(ExecuteActionsTaskExecuter.java:116)
	at org.gradle.api.internal.tasks.execution.FinalizePropertiesTaskExecuter.execute(FinalizePropertiesTaskExecuter.java:46)
	at org.gradle.api.internal.tasks.execution.ResolveTaskExecutionModeExecuter.execute(ResolveTaskExecutionModeExecuter.java:51)
	at org.gradle.api.internal.tasks.execution.SkipTaskWithNoActionsExecuter.execute(SkipTaskWithNoActionsExecuter.java:57)
	at org.gradle.api.internal.tasks.execution.SkipOnlyIfTaskExecuter.execute(SkipOnlyIfTaskExecuter.java:74)
	at org.gradle.api.internal.tasks.execution.CatchExceptionTaskExecuter.execute(CatchExceptionTaskExecuter.java:36)
	at org.gradle.api.internal.tasks.execution.EventFiringTaskExecuter$1.executeTask(EventFiringTaskExecuter.java:77)
	at org.gradle.api.internal.tasks.execution.EventFiringTaskExecuter$1.call(EventFiringTaskExecuter.java:55)
	at org.gradle.api.internal.tasks.execution.EventFiringTaskExecuter$1.call(EventFiringTaskExecuter.java:52)
	at org.gradle.internal.operations.DefaultBuildOperationRunner$CallableBuildOperationWorker.execute(DefaultBuildOperationRunner.java:209)
	at org.gradle.internal.operations.DefaultBuildOperationRunner$CallableBuildOperationWorker.execute(DefaultBuildOperationRunner.java:204)
	at org.gradle.internal.operations.DefaultBuildOperationRunner$2.execute(DefaultBuildOperationRunner.java:66)
	at org.gradle.internal.operations.DefaultBuildOperationRunner$2.execute(DefaultBuildOperationRunner.java:59)
	at org.gradle.internal.operations.DefaultBuildOperationRunner.execute(DefaultBuildOperationRunner.java:166)
	at org.gradle.internal.operations.DefaultBuildOperationRunner.execute(DefaultBuildOperationRunner.java:59)
	at org.gradle.internal.operations.DefaultBuildOperationRunner.call(DefaultBuildOperationRunner.java:53)
	at org.gradle.api.internal.tasks.execution.EventFiringTaskExecuter.execute(EventFiringTaskExecuter.java:52)
	at org.gradle.execution.plan.LocalTaskNodeExecutor.execute(LocalTaskNodeExecutor.java:42)
	at org.gradle.execution.taskgraph.DefaultTaskExecutionGraph$InvokeNodeExecutorsAction.execute(DefaultTaskExecutionGraph.java:331)
	at org.gradle.execution.taskgraph.DefaultTaskExecutionGraph$InvokeNodeExecutorsAction.execute(DefaultTaskExecutionGraph.java:318)
	at org.gradle.execution.taskgraph.DefaultTaskExecutionGraph$BuildOperationAwareExecutionAction.lambda$execute$0(DefaultTaskExecutionGraph.java:314)
	at org.gradle.internal.operations.CurrentBuildOperationRef.with(CurrentBuildOperationRef.java:85)
	at org.gradle.execution.taskgraph.DefaultTaskExecutionGraph$BuildOperationAwareExecutionAction.execute(DefaultTaskExecutionGraph.java:314)
	at org.gradle.execution.taskgraph.DefaultTaskExecutionGraph$BuildOperationAwareExecutionAction.execute(DefaultTaskExecutionGraph.java:303)
	at org.gradle.execution.plan.DefaultPlanExecutor$ExecutorWorker.execute(DefaultPlanExecutor.java:459)
	at org.gradle.execution.plan.DefaultPlanExecutor$ExecutorWorker.run(DefaultPlanExecutor.java:376)
	at org.gradle.internal.concurrent.ExecutorPolicy$CatchAndRecordFailures.onExecute(ExecutorPolicy.java:64)
	at org.gradle.internal.concurrent.AbstractManagedExecutor$1.run(AbstractManagedExecutor.java:48)
Caused by: org.gradle.workers.internal.DefaultWorkerExecutor$WorkExecutionException: A failure occurred while executing org.jetbrains.kotlin.compilerRunner.GradleCompilerRunnerWithWorkers$GradleKotlinCompilerWorkAction
	at org.gradle.workers.internal.DefaultWorkerExecutor$WorkItemExecution.waitForCompletion(DefaultWorkerExecutor.java:287)
	at org.gradle.internal.work.DefaultAsyncWorkTracker.lambda$waitForItemsAndGatherFailures$2(DefaultAsyncWorkTracker.java:130)
	at org.gradle.internal.Factories$1.create(Factories.java:31)
	at org.gradle.internal.work.DefaultWorkerLeaseService.withoutLocks(DefaultWorkerLeaseService.java:335)
	at org.gradle.internal.work.DefaultWorkerLeaseService.withoutLocks(DefaultWorkerLeaseService.java:318)
	at org.gradle.internal.work.DefaultWorkerLeaseService.withoutLock(DefaultWorkerLeaseService.java:323)
	at org.gradle.internal.work.DefaultAsyncWorkTracker.waitForItemsAndGatherFailures(DefaultAsyncWorkTracker.java:126)
	at org.gradle.internal.work.DefaultAsyncWorkTracker.waitForItemsAndGatherFailures(DefaultAsyncWorkTracker.java:92)
	at org.gradle.internal.work.DefaultAsyncWorkTracker.waitForAll(DefaultAsyncWorkTracker.java:78)
	at org.gradle.internal.work.DefaultAsyncWorkTracker.waitForCompletion(DefaultAsyncWorkTracker.java:66)
	at org.gradle.api.internal.tasks.execution.TaskExecution$3.run(TaskExecution.java:252)
	at org.gradle.internal.operations.DefaultBuildOperationRunner$1.execute(DefaultBuildOperationRunner.java:29)
	at org.gradle.internal.operations.DefaultBuildOperationRunner$1.execute(DefaultBuildOperationRunner.java:26)
	at org.gradle.internal.operations.DefaultBuildOperationRunner$2.execute(DefaultBuildOperationRunner.java:66)
	at org.gradle.internal.operations.DefaultBuildOperationRunner$2.execute(DefaultBuildOperationRunner.java:59)
	at org.gradle.internal.operations.DefaultBuildOperationRunner.execute(DefaultBuildOperationRunner.java:166)
	at org.gradle.internal.operations.DefaultBuildOperationRunner.execute(DefaultBuildOperationRunner.java:59)
	at org.gradle.internal.operations.DefaultBuildOperationRunner.run(DefaultBuildOperationRunner.java:47)
	at org.gradle.api.internal.tasks.execution.TaskExecution.executeAction(TaskExecution.java:229)
	at org.gradle.api.internal.tasks.execution.TaskExecution.executeActions(TaskExecution.java:212)
	at org.gradle.api.internal.tasks.execution.TaskExecution.executeWithPreviousOutputFiles(TaskExecution.java:195)
	at org.gradle.api.internal.tasks.execution.TaskExecution.execute(TaskExecution.java:162)
	at org.gradle.internal.execution.steps.ExecuteStep.executeInternal(ExecuteStep.java:105)
	at org.gradle.internal.execution.steps.ExecuteStep.access$000(ExecuteStep.java:44)
	at org.gradle.internal.execution.steps.ExecuteStep$1.call(ExecuteStep.java:59)
	at org.gradle.internal.execution.steps.ExecuteStep$1.call(ExecuteStep.java:56)
	at org.gradle.internal.operations.DefaultBuildOperationRunner$CallableBuildOperationWorker.execute(DefaultBuildOperationRunner.java:209)
	at org.gradle.internal.operations.DefaultBuildOperationRunner$CallableBuildOperationWorker.execute(DefaultBuildOperationRunner.java:204)
	at org.gradle.internal.operations.DefaultBuildOperationRunner$2.execute(DefaultBuildOperationRunner.java:66)
	at org.gradle.internal.operations.DefaultBuildOperationRunner$2.execute(DefaultBuildOperationRunner.java:59)
	at org.gradle.internal.operations.DefaultBuildOperationRunner.execute(DefaultBuildOperationRunner.java:166)
	at org.gradle.internal.operations.DefaultBuildOperationRunner.execute(DefaultBuildOperationRunner.java:59)
	at org.gradle.internal.operations.DefaultBuildOperationRunner.call(DefaultBuildOperationRunner.java:53)
	at org.gradle.internal.execution.steps.ExecuteStep.execute(ExecuteStep.java:56)
	at org.gradle.internal.execution.steps.ExecuteStep.execute(ExecuteStep.java:44)
	at org.gradle.internal.execution.steps.CancelExecutionStep.execute(CancelExecutionStep.java:42)
	at org.gradle.internal.execution.steps.TimeoutStep.executeWithoutTimeout(TimeoutStep.java:75)
	at org.gradle.internal.execution.steps.TimeoutStep.execute(TimeoutStep.java:55)
	at org.gradle.internal.execution.steps.PreCreateOutputParentsStep.execute(PreCreateOutputParentsStep.java:50)
	at org.gradle.internal.execution.steps.PreCreateOutputParentsStep.execute(PreCreateOutputParentsStep.java:28)
	at org.gradle.internal.execution.steps.RemovePreviousOutputsStep.execute(RemovePreviousOutputsStep.java:67)
	at org.gradle.internal.execution.steps.RemovePreviousOutputsStep.execute(RemovePreviousOutputsStep.java:37)
	at org.gradle.internal.execution.steps.BroadcastChangingOutputsStep.execute(BroadcastChangingOutputsStep.java:61)
	at org.gradle.internal.execution.steps.BroadcastChangingOutputsStep.execute(BroadcastChangingOutputsStep.java:26)
	at org.gradle.internal.execution.steps.CaptureOutputsAfterExecutionStep.execute(CaptureOutputsAfterExecutionStep.java:69)
	at org.gradle.internal.execution.steps.CaptureOutputsAfterExecutionStep.execute(CaptureOutputsAfterExecutionStep.java:46)
	at org.gradle.internal.execution.steps.ResolveInputChangesStep.execute(ResolveInputChangesStep.java:40)
	at org.gradle.internal.execution.steps.ResolveInputChangesStep.execute(ResolveInputChangesStep.java:29)
	at org.gradle.internal.execution.steps.BuildCacheStep.executeWithoutCache(BuildCacheStep.java:189)
	at org.gradle.internal.execution.steps.BuildCacheStep.lambda$execute$1(BuildCacheStep.java:75)
	at org.gradle.internal.Either$Right.fold(Either.java:175)
	at org.gradle.internal.execution.caching.CachingState.fold(CachingState.java:62)
	at org.gradle.internal.execution.steps.BuildCacheStep.execute(BuildCacheStep.java:73)
	at org.gradle.internal.execution.steps.BuildCacheStep.execute(BuildCacheStep.java:48)
	at org.gradle.internal.execution.steps.StoreExecutionStateStep.execute(StoreExecutionStateStep.java:46)
	at org.gradle.internal.execution.steps.StoreExecutionStateStep.execute(StoreExecutionStateStep.java:35)
	at org.gradle.internal.execution.steps.SkipUpToDateStep.executeBecause(SkipUpToDateStep.java:75)
	at org.gradle.internal.execution.steps.SkipUpToDateStep.lambda$execute$2(SkipUpToDateStep.java:53)
	at org.gradle.internal.execution.steps.SkipUpToDateStep.execute(SkipUpToDateStep.java:53)
	at org.gradle.internal.execution.steps.SkipUpToDateStep.execute(SkipUpToDateStep.java:35)
	at org.gradle.internal.execution.steps.legacy.MarkSnapshottingInputsFinishedStep.execute(MarkSnapshottingInputsFinishedStep.java:37)
	at org.gradle.internal.execution.steps.legacy.MarkSnapshottingInputsFinishedStep.execute(MarkSnapshottingInputsFinishedStep.java:27)
	at org.gradle.internal.execution.steps.ResolveIncrementalCachingStateStep.executeDelegate(ResolveIncrementalCachingStateStep.java:49)
	at org.gradle.internal.execution.steps.ResolveIncrementalCachingStateStep.executeDelegate(ResolveIncrementalCachingStateStep.java:27)
	at org.gradle.internal.execution.steps.AbstractResolveCachingStateStep.execute(AbstractResolveCachingStateStep.java:71)
	at org.gradle.internal.execution.steps.AbstractResolveCachingStateStep.execute(AbstractResolveCachingStateStep.java:39)
	at org.gradle.internal.execution.steps.ResolveChangesStep.execute(ResolveChangesStep.java:65)
	at org.gradle.internal.execution.steps.ResolveChangesStep.execute(ResolveChangesStep.java:36)
	at org.gradle.internal.execution.steps.ValidateStep.execute(ValidateStep.java:107)
	at org.gradle.internal.execution.steps.ValidateStep.execute(ValidateStep.java:56)
	at org.gradle.internal.execution.steps.AbstractCaptureStateBeforeExecutionStep.execute(AbstractCaptureStateBeforeExecutionStep.java:64)
	at org.gradle.internal.execution.steps.AbstractCaptureStateBeforeExecutionStep.execute(AbstractCaptureStateBeforeExecutionStep.java:43)
	at org.gradle.internal.execution.steps.AbstractSkipEmptyWorkStep.executeWithNonEmptySources(AbstractSkipEmptyWorkStep.java:125)
	at org.gradle.internal.execution.steps.AbstractSkipEmptyWorkStep.execute(AbstractSkipEmptyWorkStep.java:61)
	at org.gradle.internal.execution.steps.AbstractSkipEmptyWorkStep.execute(AbstractSkipEmptyWorkStep.java:36)
	at org.gradle.internal.execution.steps.legacy.MarkSnapshottingInputsStartedStep.execute(MarkSnapshottingInputsStartedStep.java:38)
	at org.gradle.internal.execution.steps.LoadPreviousExecutionStateStep.execute(LoadPreviousExecutionStateStep.java:36)
	at org.gradle.internal.execution.steps.LoadPreviousExecutionStateStep.execute(LoadPreviousExecutionStateStep.java:23)
	at org.gradle.internal.execution.steps.HandleStaleOutputsStep.execute(HandleStaleOutputsStep.java:75)
	at org.gradle.internal.execution.steps.HandleStaleOutputsStep.execute(HandleStaleOutputsStep.java:41)
	at org.gradle.internal.execution.steps.AssignMutableWorkspaceStep.lambda$execute$0(AssignMutableWorkspaceStep.java:35)
	at org.gradle.api.internal.tasks.execution.TaskExecution$4.withWorkspace(TaskExecution.java:289)
	at org.gradle.internal.execution.steps.AssignMutableWorkspaceStep.execute(AssignMutableWorkspaceStep.java:31)
	at org.gradle.internal.execution.steps.AssignMutableWorkspaceStep.execute(AssignMutableWorkspaceStep.java:22)
	at org.gradle.internal.execution.steps.ChoosePipelineStep.execute(ChoosePipelineStep.java:40)
	at org.gradle.internal.execution.steps.ChoosePipelineStep.execute(ChoosePipelineStep.java:23)
	at org.gradle.internal.execution.steps.ExecuteWorkBuildOperationFiringStep.lambda$execute$2(ExecuteWorkBuildOperationFiringStep.java:67)
	at org.gradle.internal.execution.steps.ExecuteWorkBuildOperationFiringStep.execute(ExecuteWorkBuildOperationFiringStep.java:67)
	at org.gradle.internal.execution.steps.ExecuteWorkBuildOperationFiringStep.execute(ExecuteWorkBuildOperationFiringStep.java:39)
	at org.gradle.internal.execution.steps.IdentityCacheStep.execute(IdentityCacheStep.java:46)
	at org.gradle.internal.execution.steps.IdentityCacheStep.execute(IdentityCacheStep.java:34)
	at org.gradle.internal.execution.steps.IdentifyStep.execute(IdentifyStep.java:48)
	at org.gradle.internal.execution.steps.IdentifyStep.execute(IdentifyStep.java:35)
	at org.gradle.internal.execution.impl.DefaultExecutionEngine$1.execute(DefaultExecutionEngine.java:61)
	at org.gradle.api.internal.tasks.execution.ExecuteActionsTaskExecuter.executeIfValid(ExecuteActionsTaskExecuter.java:127)
	at org.gradle.api.internal.tasks.execution.ExecuteActionsTaskExecuter.execute(ExecuteActionsTaskExecuter.java:116)
	at org.gradle.api.internal.tasks.execution.FinalizePropertiesTaskExecuter.execute(FinalizePropertiesTaskExecuter.java:46)
	at org.gradle.api.internal.tasks.execution.ResolveTaskExecutionModeExecuter.execute(ResolveTaskExecutionModeExecuter.java:51)
	at org.gradle.api.internal.tasks.execution.SkipTaskWithNoActionsExecuter.execute(SkipTaskWithNoActionsExecuter.java:57)
	at org.gradle.api.internal.tasks.execution.SkipOnlyIfTaskExecuter.execute(SkipOnlyIfTaskExecuter.java:74)
	at org.gradle.api.internal.tasks.execution.CatchExceptionTaskExecuter.execute(CatchExceptionTaskExecuter.java:36)
	at org.gradle.api.internal.tasks.execution.EventFiringTaskExecuter$1.executeTask(EventFiringTaskExecuter.java:77)
	at org.gradle.api.internal.tasks.execution.EventFiringTaskExecuter$1.call(EventFiringTaskExecuter.java:55)
	at org.gradle.api.internal.tasks.execution.EventFiringTaskExecuter$1.call(EventFiringTaskExecuter.java:52)
	at org.gradle.internal.operations.DefaultBuildOperationRunner$CallableBuildOperationWorker.execute(DefaultBuildOperationRunner.java:209)
	at org.gradle.internal.operations.DefaultBuildOperationRunner$CallableBuildOperationWorker.execute(DefaultBuildOperationRunner.java:204)
	at org.gradle.internal.operations.DefaultBuildOperationRunner$2.execute(DefaultBuildOperationRunner.java:66)
	at org.gradle.internal.operations.DefaultBuildOperationRunner$2.execute(DefaultBuildOperationRunner.java:59)
	at org.gradle.internal.operations.DefaultBuildOperationRunner.execute(DefaultBuildOperationRunner.java:166)
	at org.gradle.internal.operations.DefaultBuildOperationRunner.execute(DefaultBuildOperationRunner.java:59)
	at org.gradle.internal.operations.DefaultBuildOperationRunner.call(DefaultBuildOperationRunner.java:53)
	at org.gradle.api.internal.tasks.execution.EventFiringTaskExecuter.execute(EventFiringTaskExecuter.java:52)
	at org.gradle.execution.plan.LocalTaskNodeExecutor.execute(LocalTaskNodeExecutor.java:42)
	at org.gradle.execution.taskgraph.DefaultTaskExecutionGraph$InvokeNodeExecutorsAction.execute(DefaultTaskExecutionGraph.java:331)
	at org.gradle.execution.taskgraph.DefaultTaskExecutionGraph$InvokeNodeExecutorsAction.execute(DefaultTaskExecutionGraph.java:318)
	at org.gradle.execution.taskgraph.DefaultTaskExecutionGraph$BuildOperationAwareExecutionAction.lambda$execute$0(DefaultTaskExecutionGraph.java:314)
	at org.gradle.internal.operations.CurrentBuildOperationRef.with(CurrentBuildOperationRef.java:85)
	at org.gradle.execution.taskgraph.DefaultTaskExecutionGraph$BuildOperationAwareExecutionAction.execute(DefaultTaskExecutionGraph.java:314)
	at org.gradle.execution.taskgraph.DefaultTaskExecutionGraph$BuildOperationAwareExecutionAction.execute(DefaultTaskExecutionGraph.java:303)
	at org.gradle.execution.plan.DefaultPlanExecutor$ExecutorWorker.execute(DefaultPlanExecutor.java:459)
	at org.gradle.execution.plan.DefaultPlanExecutor$ExecutorWorker.run(DefaultPlanExecutor.java:376)
	at org.gradle.internal.concurrent.ExecutorPolicy$CatchAndRecordFailures.onExecute(ExecutorPolicy.java:64)
	at org.gradle.internal.concurrent.AbstractManagedExecutor$1.run(AbstractManagedExecutor.java:48)
Caused by: org.jetbrains.kotlin.gradle.tasks.CompilationErrorException: Compilation error. See log for more details
	at org.jetbrains.kotlin.gradle.tasks.TasksUtilsKt.throwExceptionIfCompilationFailed(tasksUtils.kt:20)
	at org.jetbrains.kotlin.compilerRunner.GradleKotlinCompilerWork.run(GradleKotlinCompilerWork.kt:141)
	at org.jetbrains.kotlin.compilerRunner.GradleCompilerRunnerWithWorkers$GradleKotlinCompilerWorkAction.execute(GradleCompilerRunnerWithWorkers.kt:73)
	at org.gradle.workers.internal.DefaultWorkerServer.execute(DefaultWorkerServer.java:63)
	at org.gradle.workers.internal.NoIsolationWorkerFactory$1$1.create(NoIsolationWorkerFactory.java:66)
	at org.gradle.workers.internal.NoIsolationWorkerFactory$1$1.create(NoIsolationWorkerFactory.java:62)
	at org.gradle.internal.classloader.ClassLoaderUtils.executeInClassloader(ClassLoaderUtils.java:100)
	at org.gradle.workers.internal.NoIsolationWorkerFactory$1.lambda$execute$0(NoIsolationWorkerFactory.java:62)
	at org.gradle.workers.internal.AbstractWorker$1.call(AbstractWorker.java:44)
	at org.gradle.workers.internal.AbstractWorker$1.call(AbstractWorker.java:41)
	at org.gradle.internal.operations.DefaultBuildOperationRunner$CallableBuildOperationWorker.execute(DefaultBuildOperationRunner.java:209)
	at org.gradle.internal.operations.DefaultBuildOperationRunner$CallableBuildOperationWorker.execute(DefaultBuildOperationRunner.java:204)
	at org.gradle.internal.operations.DefaultBuildOperationRunner$2.execute(DefaultBuildOperationRunner.java:66)
	at org.gradle.internal.operations.DefaultBuildOperationRunner$2.execute(DefaultBuildOperationRunner.java:59)
	at org.gradle.internal.operations.DefaultBuildOperationRunner.execute(DefaultBuildOperationRunner.java:166)
	at org.gradle.internal.operations.DefaultBuildOperationRunner.execute(DefaultBuildOperationRunner.java:59)
	at org.gradle.internal.operations.DefaultBuildOperationRunner.call(DefaultBuildOperationRunner.java:53)
	at org.gradle.workers.internal.AbstractWorker.executeWrappedInBuildOperation(AbstractWorker.java:41)
	at org.gradle.workers.internal.NoIsolationWorkerFactory$1.execute(NoIsolationWorkerFactory.java:59)
	at org.gradle.workers.internal.DefaultWorkerExecutor.lambda$submitWork$0(DefaultWorkerExecutor.java:174)
	at org.gradle.internal.work.DefaultConditionalExecutionQueue$ExecutionRunner.runExecution(DefaultConditionalExecutionQueue.java:194)
	at org.gradle.internal.work.DefaultConditionalExecutionQueue$ExecutionRunner.access$700(DefaultConditionalExecutionQueue.java:127)
	at org.gradle.internal.work.DefaultConditionalExecutionQueue$ExecutionRunner$1.run(DefaultConditionalExecutionQueue.java:169)
	at org.gradle.internal.Factories$1.create(Factories.java:31)
	at org.gradle.internal.work.DefaultWorkerLeaseService.withLocks(DefaultWorkerLeaseService.java:263)
	at org.gradle.internal.work.DefaultWorkerLeaseService.runAsWorkerThread(DefaultWorkerLeaseService.java:127)
	at org.gradle.internal.work.DefaultWorkerLeaseService.runAsWorkerThread(DefaultWorkerLeaseService.java:132)
	at org.gradle.internal.work.DefaultConditionalExecutionQueue$ExecutionRunner.runBatch(DefaultConditionalExecutionQueue.java:164)
	at org.gradle.internal.work.DefaultConditionalExecutionQueue$ExecutionRunner.run(DefaultConditionalExecutionQueue.java:133)
	... 2 more


BUILD FAILED in 28s
16 actionable tasks: 2 executed, 14 up-to-date
